// Jest Snapshot v1, https://goo.gl/fbAQLP

exports[`Component Main: Must match snapshot with "Loading...": 1`] = `
<div
  className="Main"
>
  <Header />
  <SearchPanel
    isDataLoading={true}
    onFind={[Function]}
  />
  <p>
    Loading ... 
  </p>
</div>
`;

exports[`Component Main: Must match snapshot with component "IncidentList": 1`] = `
<div
  className="Main"
>
  <Header />
  <SearchPanel
    isDataLoading={false}
    onFind={[Function]}
  />
  <IncidentList
    currentPage={1}
    incidents={
      Array [
        IncidentData {
          "address": "Address 97572",
          "description": "Description 97572",
          "id": 97572,
          "media": Object {
            "image_url_thumb": "https://files.bikeindex.org/uploads/Pu/148912/small_IMG_20170705_191324.jpg",
          },
          "occurred_at": 1552325609,
          "title": "Title 97572",
          "type": "Theft",
          "updated_at": 1553542734,
        },
        IncidentData {
          "address": "Address 94547",
          "description": "Description 94547",
          "id": 94547,
          "media": Object {
            "image_url_thumb": "https://files.bikeindex.org/uploads/Pu/148912/small_IMG_20170705_191324.jpg",
          },
          "occurred_at": 1552325609,
          "title": "Title 94547",
          "type": "Theft",
          "updated_at": 1553542734,
        },
      ]
    }
    openPage={[Function]}
  />
</div>
`;
